// Jest Snapshot v1, https://goo.gl/fbAQLP

exports[`Testing Channel Icon component renders as expected 1`] = `
ShallowWrapper {
  Symbol(enzyme.__root__): [Circular],
  Symbol(enzyme.__unrendered__): <TouchableOpacity
    activeOpacity={0.2}
    style={
      Object {
        "justifyContent": "center",
      }
    }
  >
    <Image
      source={
        Object {
          "uri": undefined,
        }
      }
      style={
        Object {
          "borderRadius": 40,
          "borderWidth": 1,
          "height": 80,
          "marginHorizontal": 10,
          "width": 80,
        }
      }
    />
  </TouchableOpacity>,
  Symbol(enzyme.__renderer__): Object {
    "batchedUpdates": [Function],
    "getNode": [Function],
    "render": [Function],
    "simulateError": [Function],
    "simulateEvent": [Function],
    "unmount": [Function],
  },
  Symbol(enzyme.__node__): Object {
    "instance": null,
    "key": undefined,
    "nodeType": "class",
    "props": Object {
      "accessibilityComponentType": undefined,
      "accessibilityLabel": undefined,
      "accessibilityTraits": undefined,
      "accessible": true,
      "children": Array [
        <Image
          source={
            Object {
              "uri": undefined,
            }
          }
          style={
            Object {
              "borderRadius": 40,
              "borderWidth": 1,
              "height": 80,
              "marginHorizontal": 10,
              "width": 80,
            }
          }
        />,
        null,
      ],
      "hasTVPreferredFocus": undefined,
      "hitSlop": undefined,
      "isTVSelectable": true,
      "nativeID": undefined,
      "onLayout": undefined,
      "onResponderGrant": [Function],
      "onResponderMove": [Function],
      "onResponderRelease": [Function],
      "onResponderTerminate": [Function],
      "onResponderTerminationRequest": [Function],
      "onStartShouldSetResponder": [Function],
      "style": Array [
        Object {
          "justifyContent": "center",
        },
        Object {
          "opacity": 1,
        },
      ],
      "testID": undefined,
      "tvParallaxProperties": undefined,
    },
    "ref": null,
    "rendered": Array [
      Object {
        "instance": null,
        "key": undefined,
        "nodeType": "class",
        "props": Object {
          "source": Object {
            "uri": undefined,
          },
          "style": Object {
            "borderRadius": 40,
            "borderWidth": 1,
            "height": 80,
            "marginHorizontal": 10,
            "width": 80,
          },
        },
        "ref": null,
        "rendered": null,
        "type": [Function],
      },
      null,
    ],
    "type": [Function],
  },
  Symbol(enzyme.__nodes__): Array [
    Object {
      "instance": null,
      "key": undefined,
      "nodeType": "class",
      "props": Object {
        "accessibilityComponentType": undefined,
        "accessibilityLabel": undefined,
        "accessibilityTraits": undefined,
        "accessible": true,
        "children": Array [
          <Image
            source={
              Object {
                "uri": undefined,
              }
            }
            style={
              Object {
                "borderRadius": 40,
                "borderWidth": 1,
                "height": 80,
                "marginHorizontal": 10,
                "width": 80,
              }
            }
          />,
          null,
        ],
        "hasTVPreferredFocus": undefined,
        "hitSlop": undefined,
        "isTVSelectable": true,
        "nativeID": undefined,
        "onLayout": undefined,
        "onResponderGrant": [Function],
        "onResponderMove": [Function],
        "onResponderRelease": [Function],
        "onResponderTerminate": [Function],
        "onResponderTerminationRequest": [Function],
        "onStartShouldSetResponder": [Function],
        "style": Array [
          Object {
            "justifyContent": "center",
          },
          Object {
            "opacity": 1,
          },
        ],
        "testID": undefined,
        "tvParallaxProperties": undefined,
      },
      "ref": null,
      "rendered": Array [
        Object {
          "instance": null,
          "key": undefined,
          "nodeType": "class",
          "props": Object {
            "source": Object {
              "uri": undefined,
            },
            "style": Object {
              "borderRadius": 40,
              "borderWidth": 1,
              "height": 80,
              "marginHorizontal": 10,
              "width": 80,
            },
          },
          "ref": null,
          "rendered": null,
          "type": [Function],
        },
        null,
      ],
      "type": [Function],
    },
  ],
  Symbol(enzyme.__options__): Object {
    "adapter": ReactSixteenAdapter {
      "options": Object {
        "enableComponentDidUpdateOnSetState": true,
        "lifecycles": Object {
          "componentDidUpdate": Object {
            "onSetState": true,
          },
          "getDerivedStateFromProps": true,
          "getSnapshotBeforeUpdate": true,
          "setState": Object {
            "skipsComponentDidUpdateOnNullish": true,
          },
        },
      },
    },
    "context": Object {
      "store": Object {
        "clearActions": [Function],
        "dispatch": [Function],
        "getActions": [Function],
        "getState": [Function],
        "replaceReducer": [Function],
        "subscribe": [Function],
      },
    },
  },
}
`;
