// Jest Snapshot v1, https://goo.gl/fbAQLP

exports[`Testing Channel List Page renders as expected 1`] = `
ShallowWrapper {
  Symbol(enzyme.__root__): [Circular],
  Symbol(enzyme.__unrendered__): <Component
    style={
      Object {
        "alignItems": "stretch",
        "backgroundColor": "#eee",
        "flex": 1,
        "paddingLeft": 8,
        "paddingRight": 8,
      }
    }
  >
    <ScrollViewMock>
      <Component
        style={
          Object {
            "marginLeft": 10,
            "marginTop": 40,
          }
        }
      >
        <Text
          accessible={true}
          allowFontScaling={true}
          ellipsizeMode="tail"
          style={
            Object {
              "fontFamily": "Avenir-Black",
              "fontSize": 24,
            }
          }
        >
          Search
        </Text>
      </Component>
      <Component
        style={
          Object {
            "flex": 0.13,
            "flexDirection": "row",
            "marginTop": 5,
          }
        }
      >
        <ForwardRef(Themed.SearchBar)
          clearIcon={false}
          containerStyle={
            Object {
              "alignItems": "flex-start",
              "backgroundColor": "transparent",
              "borderBottomWidth": 0,
              "borderTopWidth": 0,
              "flex": 0.9,
              "justifyContent": "center",
              "paddingBottom": 20,
            }
          }
          icon={
            Object {
              "name": "search",
              "type": "font-awesome",
            }
          }
          lightTheme={true}
          onChangeText={[Function]}
          onClear={[Function]}
          placeholder="Search for channels"
        />
        <ForwardRef(Themed.Button)
          buttonStyle={
            Object {
              "backgroundColor": "transparent",
            }
          }
          containerStyle={
            Object {
              "alignItems": "flex-start",
              "flex": 0.1,
              "justifyContent": "center",
              "paddingBottom": 10,
            }
          }
          icon={
            <Themed.Icon
              color="black"
              name="add"
              size={30}
            />
          }
          onPress={[Function]}
          title=""
        />
      </Component>
      <Component
        style={
          Object {
            "marginBottom": 10,
            "marginLeft": 12,
            "marginTop": 5,
          }
        }
      >
        <Text
          accessible={true}
          allowFontScaling={true}
          ellipsizeMode="tail"
          style={
            Object {
              "fontFamily": "Avenir-Black",
              "fontSize": 24,
            }
          }
        >
          List
        </Text>
      </Component>
      <Component
        style={
          Object {
            "flex": 0.9,
            "flexDirection": "column",
            "marginHorizontal": 8,
          }
        }
      />
    </ScrollViewMock>
  </Component>,
  Symbol(enzyme.__renderer__): Object {
    "batchedUpdates": [Function],
    "getNode": [Function],
    "render": [Function],
    "simulateError": [Function],
    "simulateEvent": [Function],
    "unmount": [Function],
  },
  Symbol(enzyme.__node__): Object {
    "instance": null,
    "key": undefined,
    "nodeType": "host",
    "props": Object {
      "children": <ScrollViewMock>
        <Component
          style={
            Object {
              "marginLeft": 10,
              "marginTop": 40,
            }
          }
        >
          <Text
            accessible={true}
            allowFontScaling={true}
            ellipsizeMode="tail"
            style={
              Object {
                "fontFamily": "Avenir-Black",
                "fontSize": 24,
              }
            }
          >
            Search
          </Text>
        </Component>
        <Component
          style={
            Object {
              "flex": 0.13,
              "flexDirection": "row",
              "marginTop": 5,
            }
          }
        >
          <ForwardRef(Themed.SearchBar)
            clearIcon={false}
            containerStyle={
              Object {
                "alignItems": "flex-start",
                "backgroundColor": "transparent",
                "borderBottomWidth": 0,
                "borderTopWidth": 0,
                "flex": 0.9,
                "justifyContent": "center",
                "paddingBottom": 20,
              }
            }
            icon={
              Object {
                "name": "search",
                "type": "font-awesome",
              }
            }
            lightTheme={true}
            onChangeText={[Function]}
            onClear={[Function]}
            placeholder="Search for channels"
          />
          <ForwardRef(Themed.Button)
            buttonStyle={
              Object {
                "backgroundColor": "transparent",
              }
            }
            containerStyle={
              Object {
                "alignItems": "flex-start",
                "flex": 0.1,
                "justifyContent": "center",
                "paddingBottom": 10,
              }
            }
            icon={
              <Themed.Icon
                color="black"
                name="add"
                size={30}
              />
            }
            onPress={[Function]}
            title=""
          />
        </Component>
        <Component
          style={
            Object {
              "marginBottom": 10,
              "marginLeft": 12,
              "marginTop": 5,
            }
          }
        >
          <Text
            accessible={true}
            allowFontScaling={true}
            ellipsizeMode="tail"
            style={
              Object {
                "fontFamily": "Avenir-Black",
                "fontSize": 24,
              }
            }
          >
            List
          </Text>
        </Component>
        <Component
          style={
            Object {
              "flex": 0.9,
              "flexDirection": "column",
              "marginHorizontal": 8,
            }
          }
        />
      </ScrollViewMock>,
      "style": Object {
        "alignItems": "stretch",
        "backgroundColor": "#eee",
        "flex": 1,
        "paddingLeft": 8,
        "paddingRight": 8,
      },
    },
    "ref": null,
    "rendered": Object {
      "instance": null,
      "key": undefined,
      "nodeType": "class",
      "props": Object {
        "children": Array [
          <Component
            style={
              Object {
                "marginLeft": 10,
                "marginTop": 40,
              }
            }
          >
            <Text
              accessible={true}
              allowFontScaling={true}
              ellipsizeMode="tail"
              style={
                Object {
                  "fontFamily": "Avenir-Black",
                  "fontSize": 24,
                }
              }
            >
              Search
            </Text>
          </Component>,
          <Component
            style={
              Object {
                "flex": 0.13,
                "flexDirection": "row",
                "marginTop": 5,
              }
            }
          >
            <ForwardRef(Themed.SearchBar)
              clearIcon={false}
              containerStyle={
                Object {
                  "alignItems": "flex-start",
                  "backgroundColor": "transparent",
                  "borderBottomWidth": 0,
                  "borderTopWidth": 0,
                  "flex": 0.9,
                  "justifyContent": "center",
                  "paddingBottom": 20,
                }
              }
              icon={
                Object {
                  "name": "search",
                  "type": "font-awesome",
                }
              }
              lightTheme={true}
              onChangeText={[Function]}
              onClear={[Function]}
              placeholder="Search for channels"
            />
            <ForwardRef(Themed.Button)
              buttonStyle={
                Object {
                  "backgroundColor": "transparent",
                }
              }
              containerStyle={
                Object {
                  "alignItems": "flex-start",
                  "flex": 0.1,
                  "justifyContent": "center",
                  "paddingBottom": 10,
                }
              }
              icon={
                <Themed.Icon
                  color="black"
                  name="add"
                  size={30}
                />
              }
              onPress={[Function]}
              title=""
            />
          </Component>,
          <Component
            style={
              Object {
                "marginBottom": 10,
                "marginLeft": 12,
                "marginTop": 5,
              }
            }
          >
            <Text
              accessible={true}
              allowFontScaling={true}
              ellipsizeMode="tail"
              style={
                Object {
                  "fontFamily": "Avenir-Black",
                  "fontSize": 24,
                }
              }
            >
              List
            </Text>
          </Component>,
          <Component
            style={
              Object {
                "flex": 0.9,
                "flexDirection": "column",
                "marginHorizontal": 8,
              }
            }
          />,
        ],
      },
      "ref": null,
      "rendered": Array [
        Object {
          "instance": null,
          "key": undefined,
          "nodeType": "class",
          "props": Object {
            "children": <Text
              accessible={true}
              allowFontScaling={true}
              ellipsizeMode="tail"
              style={
                Object {
                  "fontFamily": "Avenir-Black",
                  "fontSize": 24,
                }
              }
            >
              Search
            </Text>,
            "style": Object {
              "marginLeft": 10,
              "marginTop": 40,
            },
          },
          "ref": null,
          "rendered": Object {
            "instance": null,
            "key": undefined,
            "nodeType": "class",
            "props": Object {
              "accessible": true,
              "allowFontScaling": true,
              "children": "Search",
              "ellipsizeMode": "tail",
              "style": Object {
                "fontFamily": "Avenir-Black",
                "fontSize": 24,
              },
            },
            "ref": null,
            "rendered": "Search",
            "type": [Function],
          },
          "type": [Function],
        },
        Object {
          "instance": null,
          "key": undefined,
          "nodeType": "class",
          "props": Object {
            "children": Array [
              <ForwardRef(Themed.SearchBar)
                clearIcon={false}
                containerStyle={
                  Object {
                    "alignItems": "flex-start",
                    "backgroundColor": "transparent",
                    "borderBottomWidth": 0,
                    "borderTopWidth": 0,
                    "flex": 0.9,
                    "justifyContent": "center",
                    "paddingBottom": 20,
                  }
                }
                icon={
                  Object {
                    "name": "search",
                    "type": "font-awesome",
                  }
                }
                lightTheme={true}
                onChangeText={[Function]}
                onClear={[Function]}
                placeholder="Search for channels"
              />,
              <ForwardRef(Themed.Button)
                buttonStyle={
                  Object {
                    "backgroundColor": "transparent",
                  }
                }
                containerStyle={
                  Object {
                    "alignItems": "flex-start",
                    "flex": 0.1,
                    "justifyContent": "center",
                    "paddingBottom": 10,
                  }
                }
                icon={
                  <Themed.Icon
                    color="black"
                    name="add"
                    size={30}
                  />
                }
                onPress={[Function]}
                title=""
              />,
            ],
            "style": Object {
              "flex": 0.13,
              "flexDirection": "row",
              "marginTop": 5,
            },
          },
          "ref": null,
          "rendered": Array [
            Object {
              "instance": null,
              "key": undefined,
              "nodeType": "function",
              "props": Object {
                "clearIcon": false,
                "containerStyle": Object {
                  "alignItems": "flex-start",
                  "backgroundColor": "transparent",
                  "borderBottomWidth": 0,
                  "borderTopWidth": 0,
                  "flex": 0.9,
                  "justifyContent": "center",
                  "paddingBottom": 20,
                },
                "icon": Object {
                  "name": "search",
                  "type": "font-awesome",
                },
                "lightTheme": true,
                "onChangeText": [Function],
                "onClear": [Function],
                "placeholder": "Search for channels",
              },
              "ref": null,
              "rendered": null,
              "type": Object {
                "$$typeof": Symbol(react.forward_ref),
                "render": [Function],
              },
            },
            Object {
              "instance": null,
              "key": undefined,
              "nodeType": "function",
              "props": Object {
                "buttonStyle": Object {
                  "backgroundColor": "transparent",
                },
                "containerStyle": Object {
                  "alignItems": "flex-start",
                  "flex": 0.1,
                  "justifyContent": "center",
                  "paddingBottom": 10,
                },
                "icon": <Themed.Icon
                  color="black"
                  name="add"
                  size={30}
                />,
                "onPress": [Function],
                "title": "",
              },
              "ref": null,
              "rendered": null,
              "type": Object {
                "$$typeof": Symbol(react.forward_ref),
                "render": [Function],
              },
            },
          ],
          "type": [Function],
        },
        Object {
          "instance": null,
          "key": undefined,
          "nodeType": "class",
          "props": Object {
            "children": <Text
              accessible={true}
              allowFontScaling={true}
              ellipsizeMode="tail"
              style={
                Object {
                  "fontFamily": "Avenir-Black",
                  "fontSize": 24,
                }
              }
            >
              List
            </Text>,
            "style": Object {
              "marginBottom": 10,
              "marginLeft": 12,
              "marginTop": 5,
            },
          },
          "ref": null,
          "rendered": Object {
            "instance": null,
            "key": undefined,
            "nodeType": "class",
            "props": Object {
              "accessible": true,
              "allowFontScaling": true,
              "children": "List",
              "ellipsizeMode": "tail",
              "style": Object {
                "fontFamily": "Avenir-Black",
                "fontSize": 24,
              },
            },
            "ref": null,
            "rendered": "List",
            "type": [Function],
          },
          "type": [Function],
        },
        Object {
          "instance": null,
          "key": undefined,
          "nodeType": "class",
          "props": Object {
            "children": Array [
              undefined,
            ],
            "style": Object {
              "flex": 0.9,
              "flexDirection": "column",
              "marginHorizontal": 8,
            },
          },
          "ref": null,
          "rendered": Array [
            undefined,
          ],
          "type": [Function],
        },
      ],
      "type": [MockFunction],
    },
    "type": "View",
  },
  Symbol(enzyme.__nodes__): Array [
    Object {
      "instance": null,
      "key": undefined,
      "nodeType": "host",
      "props": Object {
        "children": <ScrollViewMock>
          <Component
            style={
              Object {
                "marginLeft": 10,
                "marginTop": 40,
              }
            }
          >
            <Text
              accessible={true}
              allowFontScaling={true}
              ellipsizeMode="tail"
              style={
                Object {
                  "fontFamily": "Avenir-Black",
                  "fontSize": 24,
                }
              }
            >
              Search
            </Text>
          </Component>
          <Component
            style={
              Object {
                "flex": 0.13,
                "flexDirection": "row",
                "marginTop": 5,
              }
            }
          >
            <ForwardRef(Themed.SearchBar)
              clearIcon={false}
              containerStyle={
                Object {
                  "alignItems": "flex-start",
                  "backgroundColor": "transparent",
                  "borderBottomWidth": 0,
                  "borderTopWidth": 0,
                  "flex": 0.9,
                  "justifyContent": "center",
                  "paddingBottom": 20,
                }
              }
              icon={
                Object {
                  "name": "search",
                  "type": "font-awesome",
                }
              }
              lightTheme={true}
              onChangeText={[Function]}
              onClear={[Function]}
              placeholder="Search for channels"
            />
            <ForwardRef(Themed.Button)
              buttonStyle={
                Object {
                  "backgroundColor": "transparent",
                }
              }
              containerStyle={
                Object {
                  "alignItems": "flex-start",
                  "flex": 0.1,
                  "justifyContent": "center",
                  "paddingBottom": 10,
                }
              }
              icon={
                <Themed.Icon
                  color="black"
                  name="add"
                  size={30}
                />
              }
              onPress={[Function]}
              title=""
            />
          </Component>
          <Component
            style={
              Object {
                "marginBottom": 10,
                "marginLeft": 12,
                "marginTop": 5,
              }
            }
          >
            <Text
              accessible={true}
              allowFontScaling={true}
              ellipsizeMode="tail"
              style={
                Object {
                  "fontFamily": "Avenir-Black",
                  "fontSize": 24,
                }
              }
            >
              List
            </Text>
          </Component>
          <Component
            style={
              Object {
                "flex": 0.9,
                "flexDirection": "column",
                "marginHorizontal": 8,
              }
            }
          />
        </ScrollViewMock>,
        "style": Object {
          "alignItems": "stretch",
          "backgroundColor": "#eee",
          "flex": 1,
          "paddingLeft": 8,
          "paddingRight": 8,
        },
      },
      "ref": null,
      "rendered": Object {
        "instance": null,
        "key": undefined,
        "nodeType": "class",
        "props": Object {
          "children": Array [
            <Component
              style={
                Object {
                  "marginLeft": 10,
                  "marginTop": 40,
                }
              }
            >
              <Text
                accessible={true}
                allowFontScaling={true}
                ellipsizeMode="tail"
                style={
                  Object {
                    "fontFamily": "Avenir-Black",
                    "fontSize": 24,
                  }
                }
              >
                Search
              </Text>
            </Component>,
            <Component
              style={
                Object {
                  "flex": 0.13,
                  "flexDirection": "row",
                  "marginTop": 5,
                }
              }
            >
              <ForwardRef(Themed.SearchBar)
                clearIcon={false}
                containerStyle={
                  Object {
                    "alignItems": "flex-start",
                    "backgroundColor": "transparent",
                    "borderBottomWidth": 0,
                    "borderTopWidth": 0,
                    "flex": 0.9,
                    "justifyContent": "center",
                    "paddingBottom": 20,
                  }
                }
                icon={
                  Object {
                    "name": "search",
                    "type": "font-awesome",
                  }
                }
                lightTheme={true}
                onChangeText={[Function]}
                onClear={[Function]}
                placeholder="Search for channels"
              />
              <ForwardRef(Themed.Button)
                buttonStyle={
                  Object {
                    "backgroundColor": "transparent",
                  }
                }
                containerStyle={
                  Object {
                    "alignItems": "flex-start",
                    "flex": 0.1,
                    "justifyContent": "center",
                    "paddingBottom": 10,
                  }
                }
                icon={
                  <Themed.Icon
                    color="black"
                    name="add"
                    size={30}
                  />
                }
                onPress={[Function]}
                title=""
              />
            </Component>,
            <Component
              style={
                Object {
                  "marginBottom": 10,
                  "marginLeft": 12,
                  "marginTop": 5,
                }
              }
            >
              <Text
                accessible={true}
                allowFontScaling={true}
                ellipsizeMode="tail"
                style={
                  Object {
                    "fontFamily": "Avenir-Black",
                    "fontSize": 24,
                  }
                }
              >
                List
              </Text>
            </Component>,
            <Component
              style={
                Object {
                  "flex": 0.9,
                  "flexDirection": "column",
                  "marginHorizontal": 8,
                }
              }
            />,
          ],
        },
        "ref": null,
        "rendered": Array [
          Object {
            "instance": null,
            "key": undefined,
            "nodeType": "class",
            "props": Object {
              "children": <Text
                accessible={true}
                allowFontScaling={true}
                ellipsizeMode="tail"
                style={
                  Object {
                    "fontFamily": "Avenir-Black",
                    "fontSize": 24,
                  }
                }
              >
                Search
              </Text>,
              "style": Object {
                "marginLeft": 10,
                "marginTop": 40,
              },
            },
            "ref": null,
            "rendered": Object {
              "instance": null,
              "key": undefined,
              "nodeType": "class",
              "props": Object {
                "accessible": true,
                "allowFontScaling": true,
                "children": "Search",
                "ellipsizeMode": "tail",
                "style": Object {
                  "fontFamily": "Avenir-Black",
                  "fontSize": 24,
                },
              },
              "ref": null,
              "rendered": "Search",
              "type": [Function],
            },
            "type": [Function],
          },
          Object {
            "instance": null,
            "key": undefined,
            "nodeType": "class",
            "props": Object {
              "children": Array [
                <ForwardRef(Themed.SearchBar)
                  clearIcon={false}
                  containerStyle={
                    Object {
                      "alignItems": "flex-start",
                      "backgroundColor": "transparent",
                      "borderBottomWidth": 0,
                      "borderTopWidth": 0,
                      "flex": 0.9,
                      "justifyContent": "center",
                      "paddingBottom": 20,
                    }
                  }
                  icon={
                    Object {
                      "name": "search",
                      "type": "font-awesome",
                    }
                  }
                  lightTheme={true}
                  onChangeText={[Function]}
                  onClear={[Function]}
                  placeholder="Search for channels"
                />,
                <ForwardRef(Themed.Button)
                  buttonStyle={
                    Object {
                      "backgroundColor": "transparent",
                    }
                  }
                  containerStyle={
                    Object {
                      "alignItems": "flex-start",
                      "flex": 0.1,
                      "justifyContent": "center",
                      "paddingBottom": 10,
                    }
                  }
                  icon={
                    <Themed.Icon
                      color="black"
                      name="add"
                      size={30}
                    />
                  }
                  onPress={[Function]}
                  title=""
                />,
              ],
              "style": Object {
                "flex": 0.13,
                "flexDirection": "row",
                "marginTop": 5,
              },
            },
            "ref": null,
            "rendered": Array [
              Object {
                "instance": null,
                "key": undefined,
                "nodeType": "function",
                "props": Object {
                  "clearIcon": false,
                  "containerStyle": Object {
                    "alignItems": "flex-start",
                    "backgroundColor": "transparent",
                    "borderBottomWidth": 0,
                    "borderTopWidth": 0,
                    "flex": 0.9,
                    "justifyContent": "center",
                    "paddingBottom": 20,
                  },
                  "icon": Object {
                    "name": "search",
                    "type": "font-awesome",
                  },
                  "lightTheme": true,
                  "onChangeText": [Function],
                  "onClear": [Function],
                  "placeholder": "Search for channels",
                },
                "ref": null,
                "rendered": null,
                "type": Object {
                  "$$typeof": Symbol(react.forward_ref),
                  "render": [Function],
                },
              },
              Object {
                "instance": null,
                "key": undefined,
                "nodeType": "function",
                "props": Object {
                  "buttonStyle": Object {
                    "backgroundColor": "transparent",
                  },
                  "containerStyle": Object {
                    "alignItems": "flex-start",
                    "flex": 0.1,
                    "justifyContent": "center",
                    "paddingBottom": 10,
                  },
                  "icon": <Themed.Icon
                    color="black"
                    name="add"
                    size={30}
                  />,
                  "onPress": [Function],
                  "title": "",
                },
                "ref": null,
                "rendered": null,
                "type": Object {
                  "$$typeof": Symbol(react.forward_ref),
                  "render": [Function],
                },
              },
            ],
            "type": [Function],
          },
          Object {
            "instance": null,
            "key": undefined,
            "nodeType": "class",
            "props": Object {
              "children": <Text
                accessible={true}
                allowFontScaling={true}
                ellipsizeMode="tail"
                style={
                  Object {
                    "fontFamily": "Avenir-Black",
                    "fontSize": 24,
                  }
                }
              >
                List
              </Text>,
              "style": Object {
                "marginBottom": 10,
                "marginLeft": 12,
                "marginTop": 5,
              },
            },
            "ref": null,
            "rendered": Object {
              "instance": null,
              "key": undefined,
              "nodeType": "class",
              "props": Object {
                "accessible": true,
                "allowFontScaling": true,
                "children": "List",
                "ellipsizeMode": "tail",
                "style": Object {
                  "fontFamily": "Avenir-Black",
                  "fontSize": 24,
                },
              },
              "ref": null,
              "rendered": "List",
              "type": [Function],
            },
            "type": [Function],
          },
          Object {
            "instance": null,
            "key": undefined,
            "nodeType": "class",
            "props": Object {
              "children": Array [
                undefined,
              ],
              "style": Object {
                "flex": 0.9,
                "flexDirection": "column",
                "marginHorizontal": 8,
              },
            },
            "ref": null,
            "rendered": Array [
              undefined,
            ],
            "type": [Function],
          },
        ],
        "type": [MockFunction],
      },
      "type": "View",
    },
  ],
  Symbol(enzyme.__options__): Object {
    "adapter": ReactSixteenAdapter {
      "options": Object {
        "enableComponentDidUpdateOnSetState": true,
        "lifecycles": Object {
          "componentDidUpdate": Object {
            "onSetState": true,
          },
          "getDerivedStateFromProps": true,
          "getSnapshotBeforeUpdate": true,
          "setState": Object {
            "skipsComponentDidUpdateOnNullish": true,
          },
        },
      },
    },
    "context": Object {
      "store": Object {
        "clearActions": [Function],
        "dispatch": [Function],
        "getActions": [Function],
        "getState": [Function],
        "replaceReducer": [Function],
        "subscribe": [Function],
      },
    },
  },
}
`;
