// Jest Snapshot v1, https://goo.gl/fbAQLP

exports[`Testing Task Detail Page renders as expected 1`] = `
ShallowWrapper {
  Symbol(enzyme.__root__): [Circular],
  Symbol(enzyme.__unrendered__): <Themed.Card>
    <Component
      style={
        Object {
          "flexDirection": "row",
          "justifyContent": "space-between",
          "marginTop": 10,
        }
      }
    >
      <Text
        accessible={true}
        allowFontScaling={true}
        ellipsizeMode="tail"
      >
        Frequency: 
         time(s) per 
      </Text>
      <Text
        accessible={true}
        allowFontScaling={true}
        ellipsizeMode="tail"
      >
        Reward: 
         point(s)!
      </Text>
    </Component>
    <TouchableHighlight
      activeOpacity={0.85}
      delayPressOut={100}
      onPress={[Function]}
      style={
        Array [
          Object {
            "alignItems": "center",
            "borderRadius": 5,
            "flexDirection": "row",
            "justifyContent": "center",
            "marginHorizontal": 80,
            "marginTop": 10,
          },
          Object {
            "backgroundColor": "blue",
          },
        ]
      }
      underlayColor="#aaa"
    >
      <Text
        accessible={true}
        allowFontScaling={true}
        ellipsizeMode="tail"
        style={
          Object {
            "color": "#fff",
            "fontSize": 17,
            "paddingVertical": 10,
            "textAlign": "center",
          }
        }
      >
        Accept Challenge!
      </Text>
    </TouchableHighlight>
  </Themed.Card>,
  Symbol(enzyme.__renderer__): Object {
    "batchedUpdates": [Function],
    "getNode": [Function],
    "render": [Function],
    "simulateError": [Function],
    "simulateEvent": [Function],
    "unmount": [Function],
  },
  Symbol(enzyme.__node__): Object {
    "instance": null,
    "key": undefined,
    "nodeType": "function",
    "props": Object {
      "children": [Function],
    },
    "ref": null,
    "rendered": [Function],
    "type": Object {
      "$$typeof": Symbol(react.context),
      "Consumer": [Circular],
      "Provider": Object {
        "$$typeof": Symbol(react.provider),
        "_context": [Circular],
      },
      "_calculateChangedBits": null,
      "_changedBits": 0,
      "_currentRenderer": null,
      "_currentValue": undefined,
      "_defaultValue": undefined,
    },
  },
  Symbol(enzyme.__nodes__): Array [
    Object {
      "instance": null,
      "key": undefined,
      "nodeType": "function",
      "props": Object {
        "children": [Function],
      },
      "ref": null,
      "rendered": [Function],
      "type": Object {
        "$$typeof": Symbol(react.context),
        "Consumer": [Circular],
        "Provider": Object {
          "$$typeof": Symbol(react.provider),
          "_context": [Circular],
        },
        "_calculateChangedBits": null,
        "_changedBits": 0,
        "_currentRenderer": null,
        "_currentValue": undefined,
        "_defaultValue": undefined,
      },
    },
  ],
  Symbol(enzyme.__options__): Object {
    "adapter": ReactSixteenAdapter {
      "options": Object {
        "enableComponentDidUpdateOnSetState": true,
        "lifecycles": Object {
          "componentDidUpdate": Object {
            "onSetState": true,
          },
          "getDerivedStateFromProps": true,
          "getSnapshotBeforeUpdate": true,
          "setState": Object {
            "skipsComponentDidUpdateOnNullish": true,
          },
        },
      },
    },
    "context": Object {
      "store": Object {
        "clearActions": [Function],
        "dispatch": [Function],
        "getActions": [Function],
        "getState": [Function],
        "replaceReducer": [Function],
        "subscribe": [Function],
      },
    },
  },
}
`;
