// Jest Snapshot v1, https://goo.gl/fbAQLP

exports[`Testing Task Checklist component renders as expected 1`] = `
ShallowWrapper {
  Symbol(enzyme.__root__): [Circular],
  Symbol(enzyme.__unrendered__): <Component
    style={
      Object {
        "padding": 25,
      }
    }
  >
    <FlatList
      data={
        Array [
          Object {
            "key": "1",
            "name": "Leetcode Daily",
            "point": 30,
          },
          Object {
            "key": "2",
            "name": "Leetcode Daily",
            "point": 40,
          },
          Object {
            "key": "3",
            "name": "Leetcode Daily",
            "point": 50,
          },
          Object {
            "key": "4",
            "name": "Leetcode Daily",
            "point": 60,
          },
          Object {
            "key": "5",
            "name": "Leetcode Daily",
            "point": 70,
          },
          Object {
            "key": "6",
            "name": "Leetcode Daily",
            "point": 80,
          },
        ]
      }
      disableVirtualization={false}
      horizontal={false}
      initialNumToRender={10}
      keyExtractor={[Function]}
      maxToRenderPerBatch={10}
      numColumns={1}
      onEndReachedThreshold={2}
      renderItem={[Function]}
      scrollEventThrottle={50}
      updateCellsBatchingPeriod={50}
      windowSize={21}
    />
  </Component>,
  Symbol(enzyme.__renderer__): Object {
    "batchedUpdates": [Function],
    "getNode": [Function],
    "render": [Function],
    "simulateError": [Function],
    "simulateEvent": [Function],
    "unmount": [Function],
  },
  Symbol(enzyme.__node__): Object {
    "instance": null,
    "key": undefined,
    "nodeType": "host",
    "props": Object {
      "children": <FlatList
        data={
          Array [
            Object {
              "key": "1",
              "name": "Leetcode Daily",
              "point": 30,
            },
            Object {
              "key": "2",
              "name": "Leetcode Daily",
              "point": 40,
            },
            Object {
              "key": "3",
              "name": "Leetcode Daily",
              "point": 50,
            },
            Object {
              "key": "4",
              "name": "Leetcode Daily",
              "point": 60,
            },
            Object {
              "key": "5",
              "name": "Leetcode Daily",
              "point": 70,
            },
            Object {
              "key": "6",
              "name": "Leetcode Daily",
              "point": 80,
            },
          ]
        }
        disableVirtualization={false}
        horizontal={false}
        initialNumToRender={10}
        keyExtractor={[Function]}
        maxToRenderPerBatch={10}
        numColumns={1}
        onEndReachedThreshold={2}
        renderItem={[Function]}
        scrollEventThrottle={50}
        updateCellsBatchingPeriod={50}
        windowSize={21}
      />,
      "style": Object {
        "padding": 25,
      },
    },
    "ref": null,
    "rendered": Object {
      "instance": null,
      "key": undefined,
      "nodeType": "class",
      "props": Object {
        "data": Array [
          Object {
            "key": "1",
            "name": "Leetcode Daily",
            "point": 30,
          },
          Object {
            "key": "2",
            "name": "Leetcode Daily",
            "point": 40,
          },
          Object {
            "key": "3",
            "name": "Leetcode Daily",
            "point": 50,
          },
          Object {
            "key": "4",
            "name": "Leetcode Daily",
            "point": 60,
          },
          Object {
            "key": "5",
            "name": "Leetcode Daily",
            "point": 70,
          },
          Object {
            "key": "6",
            "name": "Leetcode Daily",
            "point": 80,
          },
        ],
        "disableVirtualization": false,
        "horizontal": false,
        "initialNumToRender": 10,
        "keyExtractor": [Function],
        "maxToRenderPerBatch": 10,
        "numColumns": 1,
        "onEndReachedThreshold": 2,
        "renderItem": [Function],
        "scrollEventThrottle": 50,
        "updateCellsBatchingPeriod": 50,
        "windowSize": 21,
      },
      "ref": null,
      "rendered": null,
      "type": [Function],
    },
    "type": "View",
  },
  Symbol(enzyme.__nodes__): Array [
    Object {
      "instance": null,
      "key": undefined,
      "nodeType": "host",
      "props": Object {
        "children": <FlatList
          data={
            Array [
              Object {
                "key": "1",
                "name": "Leetcode Daily",
                "point": 30,
              },
              Object {
                "key": "2",
                "name": "Leetcode Daily",
                "point": 40,
              },
              Object {
                "key": "3",
                "name": "Leetcode Daily",
                "point": 50,
              },
              Object {
                "key": "4",
                "name": "Leetcode Daily",
                "point": 60,
              },
              Object {
                "key": "5",
                "name": "Leetcode Daily",
                "point": 70,
              },
              Object {
                "key": "6",
                "name": "Leetcode Daily",
                "point": 80,
              },
            ]
          }
          disableVirtualization={false}
          horizontal={false}
          initialNumToRender={10}
          keyExtractor={[Function]}
          maxToRenderPerBatch={10}
          numColumns={1}
          onEndReachedThreshold={2}
          renderItem={[Function]}
          scrollEventThrottle={50}
          updateCellsBatchingPeriod={50}
          windowSize={21}
        />,
        "style": Object {
          "padding": 25,
        },
      },
      "ref": null,
      "rendered": Object {
        "instance": null,
        "key": undefined,
        "nodeType": "class",
        "props": Object {
          "data": Array [
            Object {
              "key": "1",
              "name": "Leetcode Daily",
              "point": 30,
            },
            Object {
              "key": "2",
              "name": "Leetcode Daily",
              "point": 40,
            },
            Object {
              "key": "3",
              "name": "Leetcode Daily",
              "point": 50,
            },
            Object {
              "key": "4",
              "name": "Leetcode Daily",
              "point": 60,
            },
            Object {
              "key": "5",
              "name": "Leetcode Daily",
              "point": 70,
            },
            Object {
              "key": "6",
              "name": "Leetcode Daily",
              "point": 80,
            },
          ],
          "disableVirtualization": false,
          "horizontal": false,
          "initialNumToRender": 10,
          "keyExtractor": [Function],
          "maxToRenderPerBatch": 10,
          "numColumns": 1,
          "onEndReachedThreshold": 2,
          "renderItem": [Function],
          "scrollEventThrottle": 50,
          "updateCellsBatchingPeriod": 50,
          "windowSize": 21,
        },
        "ref": null,
        "rendered": null,
        "type": [Function],
      },
      "type": "View",
    },
  ],
  Symbol(enzyme.__options__): Object {
    "adapter": ReactSixteenAdapter {
      "options": Object {
        "enableComponentDidUpdateOnSetState": true,
        "lifecycles": Object {
          "componentDidUpdate": Object {
            "onSetState": true,
          },
          "getDerivedStateFromProps": true,
          "getSnapshotBeforeUpdate": true,
          "setState": Object {
            "skipsComponentDidUpdateOnNullish": true,
          },
        },
      },
    },
    "context": Object {
      "store": Object {
        "clearActions": [Function],
        "dispatch": [Function],
        "getActions": [Function],
        "getState": [Function],
        "replaceReducer": [Function],
        "subscribe": [Function],
      },
    },
  },
}
`;
